commit 6ba2ae27a3f6a5decc81f6b7e4ca75e74ca47aef
Author: lioqio <liuqiang@visbot.com.cn>
Date:   Sat Jan 11 12:27:32 2025 +0000

    change some param

commit e90d54015a78f62f61bb8bb867ffa705825dede7
Author: lioqio <liuqiang@visbot.com.cn>
Date:   Wed Oct 23 11:41:46 2024 +0000

    add ikd-Tree  source code

commit 9ea7b1d6c9fe50f8938ad6fc494e858f1288b97a
Author: lioqio <liuqiang@visbot.com.cn>
Date:   Wed Oct 23 03:39:53 2024 +0000

    删除子模块 include/ikd-Tree

commit e7262ae55a57d7c39fcf82f6765b1decd5894a02
Author: lioqio <liuqiang@visbot.com.cn>
Date:   Sun Sep 8 12:36:16 2024 +0000

    support  mavros

commit a8c204c0d6c14d51d4c8a15cd63e75156cde9e95
Author: lioqio <liuqiang@visbot.com.cn>
Date:   Thu Apr 25 17:07:16 2024 +0000

    去除对livox-sdk第一版的以来，支持livox-sdk2

commit 5d9dc72523f465633d57bb9c3ac4e3f4fdaffb4c
Author: kennyS99 <34148678+kennyS99@users.noreply.github.com>
Date:   Thu Oct 19 20:06:11 2023 +0800

    Update README.md
    
    Updated the docker container user manual

commit fcde2652661b56b8cc5ab3a7a0f48818dd244fac
Author: Yixi Cai <yixicai@connect.hku.hk>
Date:   Thu Oct 12 14:43:58 2023 +0800

    Update NCLT dataset

commit c890254b3b2b70335650d8a04420f362ed3a1c35
Author: Yixi Cai <yixicai@connect.hku.hk>
Date:   Wed Oct 11 15:28:52 2023 +0800

    Update Avia Dataset Links

commit 478d436813b966df94fb91dd759f477f1a246296
Author: zfc-zfc <625257073@qq.com>
Date:   Fri Aug 18 16:23:52 2023 +0800

    Add launch file for mid360.

commit 2925fef1bf4080bc6d1d64343f01a8d68485a513
Author: Fangcheng Zhu <50921331+zfc-zfc@users.noreply.github.com>
Date:   Sat Jul 15 15:02:06 2023 +0800

    Update README.md

commit 0dbfc6e1cb0bd7fc209bee6de83c01b49ac9398a
Merge: 02d022e fa4cf34
Author: Yixi Cai <yixicai@connect.hku.hk>
Date:   Mon Apr 10 16:52:03 2023 +0800

    Merge pull request #236 from maoxiang1991/main
    
    fix bug: blind param not work

commit fa4cf3429d98e96f23c6500a0c907b5320a01a42
Author: maoxiang1991 <34206042+maoxiang1991@users.noreply.github.com>
Date:   Mon Apr 10 15:09:17 2023 +0800

    fix bug: blind param not work

commit 02d022e3164cc39afdc56618a056bbaac9aa4d57
Author: ziv.lin <730470317@qq.com>
Date:   Fri Dec 30 20:15:01 2022 +0800

    [Enh] config stable bot

commit d304b8953339aedbf67f75dca0f41025ead2a4d7
Author: Fangcheng Zhu <50921331+zfc-zfc@users.noreply.github.com>
Date:   Sat Dec 17 19:15:43 2022 +0800

    Fix a bug of time_sync_en.

commit a56a0c544ae305e9b00ca4cd4e262d20703fdaa8
Merge: 342d361 99c462a
Author: Yixi Cai <yixicai@connect.hku.hk>
Date:   Wed Aug 24 21:33:56 2022 +0800

    Merge pull request #180 from zfc-zfc/main
    
    Add new parameter: time offset between LiDAR and IMU.

commit 99c462a36bf11485a0a259b658e56ab00fbb581a
Author: zfc-zfc <625257073@qq.com>
Date:   Wed Aug 24 21:06:01 2022 +0800

    Add new parameter: time offset between LiDAR and IMU.

commit 342d36157e80b877d77a47b569fdb3b3481400f5
Author: Cris.Wei <buaaxw@gmail.com>
Date:   Mon Jul 4 13:39:49 2022 +0800

    Update README.md
    
    add the intro of initiallization and bubble planner

commit 8de81a676e3bb8cc48621f61b2349e29bfd600f9
Author: Yuri Oliveira <40249250+matosinho@users.noreply.github.com>
Date:   Wed Mar 16 10:27:34 2022 +0400

    Change gitmodules url for the ikd-tree
    
    This will allow to install fast lio even without git credentials on the local machine

commit 7e66727f31638ac8979eee00f03939706422f99b
Author: Cris.Wei <buaaxw@gmail.com>
Date:   Tue Mar 15 16:15:45 2022 +0800

    Update velodyne.yaml

commit 90124391cafb9833a84a4e4000238cf532270720
Author: Cris.Wei <buaaxw@gmail.com>
Date:   Tue Mar 15 16:15:11 2022 +0800

    Update ouster64.yaml
    
    disable the online extrinsic estimation

commit 5350f429eb11feac78221d71b3e515ddf5b099f4
Author: Cris.Wei <buaaxw@gmail.com>
Date:   Tue Mar 15 16:09:18 2022 +0800

    Update README.md

commit 55187ebfbf4c001ace75efec3f8f25708b00bd4f
Author: Cris.Wei <buaaxw@gmail.com>
Date:   Tue Mar 15 14:46:18 2022 +0800

    Update README.md

commit d9cdf2cec58f95da2779bc386893dccaa47272a0
Author: Cris.Wei <buaaxw@gmail.com>
Date:   Tue Mar 15 14:45:38 2022 +0800

    Update README.md

commit ad692a628c8cb88c518d05e111b21b8974579098
Author: xw <buaaxw@gmail.com>
Date:   Sun Mar 13 17:46:05 2022 +0800

    add timestamp unit setup

commit 8ad5dd2ba281de8ad0d56f813ffc33508c5cdf0a
Author: Ecstasy-EC <yixicai@connect.hku.hk>
Date:   Tue Feb 8 00:27:30 2022 +0800

    Updates in ikd-Tree

commit c4e6165d8413164297633f5817316f4a65000a01
Author: Ecstasy-EC <yixicai@connect.hku.hk>
Date:   Fri Dec 31 09:52:27 2021 +0800

    Templated ikd-Tree is now supported with box search and radius search available. Fixed the submodule url in gitmodule

commit c244f810c6034a148a83589dcf11f890059eeae7
Author: Ecstasy-EC <yixicai@connect.hku.hk>
Date:   Thu Dec 23 23:11:23 2021 +0800

    Fixed bug in not cleaning the points cache array of removed points.

commit 5b5f5e33cfa0519a5c18de4da93b3d34dc7bb41a
Author: Ecstasy-EC <yixicai@connect.hku.hk>
Date:   Thu Dec 23 22:26:53 2021 +0800

    Update ikd-Tree branch to the latest version

commit 232eefb6c982319bf56e3d8dd3a668e538719002
Author: Andreu Huguet <andreuhuguet@gmail.com>
Date:   Mon Dec 13 02:18:20 2021 +0800

    Crashes when fed empty pointcloud pt. II

commit 2a70778fd65a716b038710fedcd9292cf2803716
Author: Andreu Huguet <andreuhuguet@gmail.com>
Date:   Fri Nov 12 19:57:48 2021 +0800

    [Fix] Crashes when fed empty pointcloud
    
    Checks if before doing the backward propagation step there are actually points in the pointcloud

commit d0a877db69f569964697e1135e1fcb42aae9b3f2
Author: Yixi Cai <yixicai@connect.hku.hk>
Date:   Mon Oct 18 15:37:48 2021 +0800

    Update README.md
    
    Fix typos in README.md

commit 45aa82e4d6081bf04a8f5177b81e4f083d6899ea
Author: xw <buaaxw@gmail.com>
Date:   Wed Sep 22 22:58:38 2021 -0400

    add the scan rate parameter

commit d85c9eff5083faf4e8dffe1d4059006c269b56a3
Author: Cris.Wei <buaaxw@gmail.com>
Date:   Tue Sep 14 08:43:51 2021 -0400

    Update README.md

commit 4877410da06e89aefb496f621d51cbb19dd01bee
Author: Cris.Wei <buaaxw@gmail.com>
Date:   Sun Sep 12 15:54:49 2021 +0800

    Update README.md

commit 94973cb309de0cc73dab1e5b4fbe8e7be2cc89bd
Author: xw <buaaxw@gmail.com>
Date:   Wed Aug 25 03:05:43 2021 -0400

    fix the scan time calculation bug and change the definition of blind to the 'minimum range'.

commit dcc38885ac80adf3eb91028fb7f9834573ec7464
Author: xw <buaaxw@gmail.com>
Date:   Mon Aug 16 12:13:18 2021 -0400

    add the path publish switch and new pcd save mode

commit 53ee209c125ae60b75ef33bcd837f606e1f54d2f
Author: xw <buaaxw@gmail.com>
Date:   Mon Aug 9 07:05:19 2021 -0400

    add the switch for the online extrinsic estimation

commit f159d57da8fa48920cefae1e9b289cb1785e4faa
Author: xw <buaaxw@gmail.com>
Date:   Mon Jul 19 10:08:36 2021 -0400

    may better support 32 line or above

commit 5cd5be3201d542d7ea5baf512e6e7c7506af03b4
Author: xw <buaaxw@gmail.com>
Date:   Sun Jul 18 01:31:56 2021 -0400

    fix the time sync remind problem

commit 669eedfc7df1f64413b84adaef96e54b6747e169
Author: xw <buaaxw@gmail.com>
Date:   Wed Jul 14 14:19:34 2021 -0400

    fix the scan publish switch

commit 67f0f6b6da7028097627978d4bf6af06bd4e53bf
Author: xw <buaaxw@gmail.com>
Date:   Wed Jul 14 07:39:34 2021 -0400

    fix rviz problem

commit c8aea0dd95e4f78203b79329dd59ccdd687c1bd7
Author: xw <buaaxw@gmail.com>
Date:   Wed Jul 14 06:51:30 2021 -0400

    support for Scan context loop closure

commit 96774ef3e931115e0eb8033d0a81a322c3fae0b7
Author: Cris.Wei <18547249+XW-HKU@users.noreply.github.com>
Date:   Sat Jul 10 00:23:33 2021 +0800

    Update README.md

commit c98ff9170501728124b1d4c1e350999792c3fb0c
Author: xw <buaaxw@gmail.com>
Date:   Fri Jul 9 08:10:11 2021 -0400

    fix scan_publish and pcd_save problem

commit 5354c5acba45f06d4719e80d416816aeef0ea37e
Author: Cris.Wei <18547249+XW-HKU@users.noreply.github.com>
Date:   Fri Jul 9 02:21:02 2021 +0800

    Update README.md

commit f0ed4eac1ac8f7b74c5475a9aa827e3f9f381d52
Author: xw <buaaxw@gmail.com>
Date:   Thu Jul 8 17:39:32 2021 +0800

    add switch for publish scan points

commit 6dce4da6f980ff4152998386719fc405b79f069d
Author: haebum <zang09@naver.com>
Date:   Wed Jul 7 15:12:16 2021 +0900

    fix velodyne msg converting error

commit fd91caf2124a826d47fc008ce6830b0974b0f0c0
Author: xw <buaaxw@gmail.com>
Date:   Wed Jul 7 10:22:56 2021 -0400

    add imu soft sync function but not recommended

commit 8c50d839dccb5d72ea27bb00908c132e0845b3cf
Author: xw <buaaxw@gmail.com>
Date:   Wed Jul 7 04:05:59 2021 -0400

    add pcl_viewer tips

commit c05f2ad77db9dcc5ea8b7d589d08b194667946e1
Author: xw <buaaxw@gmail.com>
Date:   Wed Jul 7 00:45:19 2021 -0400

    add overview and scan context introduce

commit ae6a01383a46cbf22773b328e5a53bd14fdc6cf2
Author: xw <buaaxw@gmail.com>
Date:   Tue Jul 6 05:04:31 2021 -0400

    update the pcd saving to one map

commit bd8863926c1784b782ff9d35f082a5a3e634dad0
Author: xw <buaaxw@gmail.com>
Date:   Tue Jul 6 04:19:52 2021 -0400

    update the livox data collect part

commit c18e1169cc4bd64232219d5585f495ebdef164e5
Author: xw <buaaxw@gmail.com>
Date:   Tue Jul 6 02:41:52 2021 -0400

    add pcd saving function

commit 845e20355bf0558cef7f40b281a2371297450fe9
Author: xw <buaaxw@gmail.com>
Date:   Tue Jul 6 02:38:05 2021 -0400

    add pcd saving function

commit fa49407d1cc09af74a250a456ce5ac039893a249
Author: xw <buaaxw@gmail.com>
Date:   Tue Jul 6 01:41:46 2021 -0400

    fix print

commit cd47369e9dbe486f3b017625d1eed8634109389d
Author: xw <buaaxw@gmail.com>
Date:   Mon Jul 5 23:18:10 2021 -0400

    fix yaml

commit fb530980ea69f532cc390b25cb4eda6d09b1a335
Author: weiBUAA <buaaxw@gmail.com>
Date:   Tue Jul 6 01:04:33 2021 +0800

    upload paper

commit b98bfb3fdeaf3b8530fb8f24867d375e008b83a8
Author: weiBUAA <buaaxw@gmail.com>
Date:   Mon Jul 5 23:43:58 2021 +0800

    add velodyne instructions

commit 1087a72497d19c3ac19a608b89e28b5e62b00e2a
Author: xw <buaaxw@gmail.com>
Date:   Sun Jul 4 10:17:41 2021 -0400

    fast_lio2 released!

commit 6e1fa94351316eafac5fcf55c5fcd575f3e89829
Author: Cris.Wei <18547249+XW-HKU@users.noreply.github.com>
Date:   Wed Jun 9 00:22:51 2021 +0800

    Update README.md

commit 074e6721bb01be447866807cc28e20f8a69002a1
Author: Cris.Wei <18547249+XW-HKU@users.noreply.github.com>
Date:   Tue Mar 2 00:08:49 2021 +0800

    Update README.md

commit 8ed8590b8d7aa73027cf3b9a7cf5a6a9b5be7195
Author: Cris.Wei <18547249+XW-HKU@users.noreply.github.com>
Date:   Tue Mar 2 00:08:36 2021 +0800

    Update README.md

commit 068e0e1089e0b25dac8457212c75fca9064210c6
Author: Cris.Wei <18547249+XW-HKU@users.noreply.github.com>
Date:   Tue Mar 2 00:08:13 2021 +0800

    Update README.md

commit b401b6acaf067e49ff80097bdb460c9bf895cf88
Author: Cris.Wei <18547249+XW-HKU@users.noreply.github.com>
Date:   Thu Feb 18 14:24:52 2021 +0800

    Update README.md

commit aff1edc6d5dedd1530d34dea67d4b0156ef07e7f
Author: buaaxw@gmail.com <buaaxw@gmail.com>
Date:   Thu Feb 18 14:23:09 2021 +0800

    fix the cmake error

commit f24e35877532789966bd07c2cbfb2af5efbabb7c
Author: Cris.Wei <18547249+XW-HKU@users.noreply.github.com>
Date:   Thu Feb 4 12:04:57 2021 +0800

    Update mapping_avia_outdoor.launch

commit d28c5507f5c88a4e934548c84953c64d44ab1e76
Author: Cris.Wei <18547249+XW-HKU@users.noreply.github.com>
Date:   Thu Feb 4 12:04:16 2021 +0800

    Update README.md

commit b706a8f75ac79268660d93d506eff5356f70f37e
Author: Cris.Wei <18547249+XW-HKU@users.noreply.github.com>
Date:   Thu Feb 4 12:03:01 2021 +0800

    Update README.md

commit 5948215bb7bdb2692c6f8a8b8add59ebf905f3b1
Author: Cris.Wei <18547249+XW-HKU@users.noreply.github.com>
Date:   Thu Feb 4 11:59:09 2021 +0800

    Update README.md

commit 617e9312e93ff0b9cb2b68fffe95501135256564
Author: Cris.Wei <18547249+XW-HKU@users.noreply.github.com>
Date:   Mon Jan 25 21:48:25 2021 +0800

    Update feature_extract.cpp

commit 320765dd6c5395ff0ad5aa8b0d1789ef6929be1b
Author: buaaxw@gmail.com <buaaxw@gmail.com>
Date:   Tue Jan 19 15:16:23 2021 +0800

    add the preprocessing downsample

commit d57fe8aeff431cd7be8d46e57628e40ab4f38cf1
Merge: 47e9f27 ac8a46c
Author: buaaxw@gmail.com <buaaxw@gmail.com>
Date:   Tue Jan 19 14:31:54 2021 +0800

    Merge branch 'borongyuan-jetson' into main

commit ac8a46cfb1b3880905c4e9891e4209bdca0670a1
Author: Borong Yuan <yuanborong@hotmail.com>
Date:   Tue Jan 19 10:55:25 2021 +0800

    add support for custom PCL build

commit 703dd89aca675786519779b7d7874e6456e78857
Author: Cris.Wei <18547249+XW-HKU@users.noreply.github.com>
Date:   Mon Jan 18 13:51:15 2021 +0800

    Update README.md

commit eda34a534b080011ddbaea862337252e544c144d
Author: Cris.Wei <18547249+XW-HKU@users.noreply.github.com>
Date:   Mon Jan 18 12:03:29 2021 +0800

    Update README.md

commit 2b578faec1870536f4f232c584a3d81be6da32c3
Author: Cris.Wei <18547249+XW-HKU@users.noreply.github.com>
Date:   Mon Jan 18 11:57:57 2021 +0800

    Update README.md

commit b2ec6cea00a18b6039b9b6bec72e43df4a46e183
Author: weiBUAA <buaaxw@gmail.com>
Date:   Thu Jan 14 16:45:31 2021 +0800

    outdoor bug fixed

commit 487dcb01cb7449618dd4056339cfa86e3f84efd1
Author: weiBUAA <buaaxw@gmail.com>
Date:   Thu Jan 14 15:33:31 2021 +0800

    FAST-LIO 1 updated

commit fc3f451f2a9cde0b054a31d1e79cb6c8e31bfeec
Merge: 6d28b27 7697242
Author: weiBUAA <buaaxw@gmail.com>
Date:   Thu Jan 14 15:03:10 2021 +0800

    Merge branch 'borongyuan-main' into main

commit 7697242613176d9b4f4306de190b772e4963bf8c
Merge: 6d28b27 db012b4
Author: weiBUAA <buaaxw@gmail.com>
Date:   Thu Jan 14 14:19:52 2021 +0800

    Merge branch 'main' of https://github.com/borongyuan/FAST_LIO into borongyuan-main

commit 6d28b27fd7d2adc13ff8b22edb1c283314537549
Author: Cris.Wei <18547249+XW-HKU@users.noreply.github.com>
Date:   Wed Jan 13 11:10:15 2021 +0800

    Update README.md

commit 0ef483d1f2d3950c772386bec477f8886941ca69
Author: Cris.Wei <18547249+XW-HKU@users.noreply.github.com>
Date:   Wed Jan 13 11:07:48 2021 +0800

    Update README.md

commit c0c4231c91a9f71cb5f859a7207a1404ee04605a
Author: Cris.Wei <18547249+XW-HKU@users.noreply.github.com>
Date:   Wed Jan 13 11:07:29 2021 +0800

    Update README.md

commit 2389d1484ddd8f3b35e140d3e2c337b6a16044d1
Author: Cris.Wei <18547249+XW-HKU@users.noreply.github.com>
Date:   Wed Jan 13 10:59:38 2021 +0800

    Update README.md

commit db012b4118079a64de2c2b5512e979910778f6e6
Author: Borong Yuan <yuanborong@hotmail.com>
Date:   Fri Jan 1 14:32:40 2021 +0800

    add missing dependencies to find generated msgs

commit e51fec59a18ed535a2884c732e705c060a2facda
Author: Borong Yuan <yuanborong@hotmail.com>
Date:   Fri Jan 1 14:30:02 2021 +0800

    update headers to support opencv 4

commit 47e9f27b145717a6d8e482762ae11e92cfd7fd11
Author: buaaxw@gmail.com <buaaxw@gmail.com>
Date:   Thu Nov 12 14:52:34 2020 +0800

    solve some bugs and increase the precission

commit 1cc9cfe6e14f01b7f6b6cf1f9d1282e22c110df7
Author: Cris.Wei <18547249+XW-HKU@users.noreply.github.com>
Date:   Fri Nov 6 14:26:54 2020 +0800

    Update mapping_avia.launch

commit 79a50303274e63ed4994dba22e2f3c56a30e8185
Author: Cris.Wei <18547249+XW-HKU@users.noreply.github.com>
Date:   Mon Nov 2 10:45:24 2020 +0800

    Update README.md

commit f2aae27f92acb456ea43f0cf7205032ce5d12cb3
Author: Cris.Wei <18547249+XW-HKU@users.noreply.github.com>
Date:   Mon Nov 2 10:41:05 2020 +0800

    Add files via upload

commit 8175a61ccb7a3ddf417c625e9129175a70fe79d0
Author: Cris.Wei <18547249+XW-HKU@users.noreply.github.com>
Date:   Mon Nov 2 10:32:39 2020 +0800

    Add files via upload

commit 0b6d3abe5874cea69bf4474b563536a7555d1eaa
Author: Cris.Wei <18547249+XW-HKU@users.noreply.github.com>
Date:   Mon Nov 2 10:23:58 2020 +0800

    Update README.md

commit bd8a5aa2c118813094db9dffce221e7a45a8a13e
Author: Cris.Wei <18547249+XW-HKU@users.noreply.github.com>
Date:   Mon Nov 2 10:20:00 2020 +0800

    Add files via upload

commit 37a195f2056c5c4940a0e0b06f687984f95d4135
Author: Cris.Wei <18547249+XW-HKU@users.noreply.github.com>
Date:   Sun Nov 1 13:33:01 2020 +0800

    Update README.md

commit 22b47dc591ff60bc3c3779d7db49da4a540b4c4f
Author: Cris.Wei <18547249+XW-HKU@users.noreply.github.com>
Date:   Sun Nov 1 13:31:51 2020 +0800

    Update README.md

commit 80d4eaf263f9bf0e5bc140412fc8c859500146ba
Author: Cris.Wei <18547249+XW-HKU@users.noreply.github.com>
Date:   Sun Nov 1 00:25:19 2020 +0800

    Update README.md

commit 9172e2d95362c074ac2682912605fb39f3072218
Author: buaaxw@gmail.com <buaaxw@gmail.com>
Date:   Sun Nov 1 00:17:32 2020 +0800

    first version

commit 3bc66ff15aefdc3eaf0c89d3656fb83dcb6011ff
Author: Cris.Wei <18547249+XW-HKU@users.noreply.github.com>
Date:   Mon Oct 12 15:12:58 2020 +0800

    Initial commit
